[02-Mar-2026 13:54:26 UTC] PHP Warning:  Cannot modify header information - headers already sent by (output started at C:\VSC Projects\Baeren-Crew\app\Views\partials\navigationbar-home.php:4) in C:\VSC Projects\Baeren-Crew\public\index.php on line 5
[02-Mar-2026 13:54:26 UTC] PHP Warning:  Cannot modify header information - headers already sent by (output started at C:\VSC Projects\Baeren-Crew\app\Views\partials\navigationbar-home.php:4) in C:\VSC Projects\Baeren-Crew\public\index.php on line 5
[02-Mar-2026 13:54:39 UTC] PHP Warning:  Cannot modify header information - headers already sent by (output started at C:\VSC Projects\Baeren-Crew\app\Views\partials\navigationbar-home.php:4) in C:\VSC Projects\Baeren-Crew\public\index.php on line 5
[02-Mar-2026 13:54:39 UTC] PHP Warning:  Cannot modify header information - headers already sent by (output started at C:\VSC Projects\Baeren-Crew\app\Views\partials\navigationbar-home.php:4) in C:\VSC Projects\Baeren-Crew\public\index.php on line 5
[02-Mar-2026 13:54:41 UTC] PHP Warning:  Cannot modify header information - headers already sent by (output started at C:\VSC Projects\Baeren-Crew\app\Views\partials\navigationbar-home.php:4) in C:\VSC Projects\Baeren-Crew\public\index.php on line 5
[02-Mar-2026 13:54:41 UTC] PHP Warning:  Cannot modify header information - headers already sent by (output started at C:\VSC Projects\Baeren-Crew\app\Views\partials\navigationbar-home.php:4) in C:\VSC Projects\Baeren-Crew\public\index.php on line 5
[22-Mar-2026 17:30:27 UTC] PHP Warning:  Undefined array key 0 in C:\VSC Projects\Baeren-Crew\app\Helpers\API_Offer.php on line 30
[22-Mar-2026 17:30:27 UTC] PHP Warning:  Trying to access array offset on null in C:\VSC Projects\Baeren-Crew\app\Helpers\API_Offer.php on line 30
[22-Mar-2026 17:30:27 UTC] PHP Warning:  Trying to access array offset on null in C:\VSC Projects\Baeren-Crew\app\Helpers\API_Offer.php on line 30
[22-Mar-2026 17:30:27 UTC] PHP Warning:  Trying to access array offset on null in C:\VSC Projects\Baeren-Crew\app\Helpers\API_Offer.php on line 30
[24-Mar-2026 11:18:49 UTC] PHP Warning:  Undefined array key 0 in C:\VSC Projects\Baeren-Crew\app\Helpers\API_Offer.php on line 32
[24-Mar-2026 11:18:49 UTC] PHP Warning:  Trying to access array offset on null in C:\VSC Projects\Baeren-Crew\app\Helpers\API_Offer.php on line 32
[24-Mar-2026 11:18:49 UTC] PHP Warning:  Trying to access array offset on null in C:\VSC Projects\Baeren-Crew\app\Helpers\API_Offer.php on line 32
[24-Mar-2026 11:18:49 UTC] PHP Warning:  Trying to access array offset on null in C:\VSC Projects\Baeren-Crew\app\Helpers\API_Offer.php on line 32
[24-Mar-2026 11:19:47 UTC] PHP Warning:  Undefined array key 0 in C:\VSC Projects\Baeren-Crew\app\Helpers\API_Offer.php on line 32
[24-Mar-2026 11:19:47 UTC] PHP Warning:  Trying to access array offset on null in C:\VSC Projects\Baeren-Crew\app\Helpers\API_Offer.php on line 32
[24-Mar-2026 11:19:47 UTC] PHP Warning:  Trying to access array offset on null in C:\VSC Projects\Baeren-Crew\app\Helpers\API_Offer.php on line 32
[24-Mar-2026 11:19:47 UTC] PHP Warning:  Trying to access array offset on null in C:\VSC Projects\Baeren-Crew\app\Helpers\API_Offer.php on line 32
[24-Mar-2026 11:21:54 UTC] PHP Warning:  Undefined array key 0 in C:\VSC Projects\Baeren-Crew\app\Helpers\API_Offer.php on line 38
[24-Mar-2026 11:21:54 UTC] PHP Warning:  Trying to access array offset on null in C:\VSC Projects\Baeren-Crew\app\Helpers\API_Offer.php on line 38
[24-Mar-2026 11:21:54 UTC] PHP Warning:  Trying to access array offset on null in C:\VSC Projects\Baeren-Crew\app\Helpers\API_Offer.php on line 38
[24-Mar-2026 11:21:54 UTC] PHP Warning:  Trying to access array offset on null in C:\VSC Projects\Baeren-Crew\app\Helpers\API_Offer.php on line 38
[24-Mar-2026 11:22:41 UTC] PHP Warning:  Undefined array key 0 in C:\VSC Projects\Baeren-Crew\app\Helpers\API_Offer.php on line 38
[24-Mar-2026 11:22:41 UTC] PHP Warning:  Trying to access array offset on null in C:\VSC Projects\Baeren-Crew\app\Helpers\API_Offer.php on line 38
[24-Mar-2026 11:22:41 UTC] PHP Warning:  Trying to access array offset on null in C:\VSC Projects\Baeren-Crew\app\Helpers\API_Offer.php on line 38
[24-Mar-2026 11:22:41 UTC] PHP Warning:  Trying to access array offset on null in C:\VSC Projects\Baeren-Crew\app\Helpers\API_Offer.php on line 38
[24-Mar-2026 14:04:44 UTC] PHP Warning:  Undefined variable $volume in C:\VSC Projects\Baeren-Crew\app\Helpers\API_Offer.php on line 18
[24-Mar-2026 14:05:54 UTC] PHP Warning:  Undefined variable $volume in C:\VSC Projects\Baeren-Crew\app\Helpers\API_Offer.php on line 18
[24-Mar-2026 14:06:15 UTC] PHP Warning:  Undefined variable $volume in C:\VSC Projects\Baeren-Crew\app\Helpers\API_Offer.php on line 18
[24-Mar-2026 14:07:07 UTC] PHP Warning:  file_get_contents(https://maps.googleapis.com/maps/api/distancematrix/json?origins=Isenstraße 15,84562 Mettenheim, Deutschland&amp;destinations=Berlin%2C+Deutschland&amp;mode=driving&amp;units=metric&amp;key=AIzaSyAsQqSHv4YmKa3k01t675hql9GTZ8xg-Rs): Failed to open stream: HTTP request failed! HTTP/1.0 400 Bad Request
 in C:\VSC Projects\Baeren-Crew\app\Helpers\API_Offer.php on line 32
[24-Mar-2026 14:07:07 UTC] PHP Warning:  Trying to access array offset on null in C:\VSC Projects\Baeren-Crew\app\Helpers\API_Offer.php on line 47
[24-Mar-2026 14:07:07 UTC] PHP Warning:  Trying to access array offset on null in C:\VSC Projects\Baeren-Crew\app\Helpers\API_Offer.php on line 47
[24-Mar-2026 14:07:07 UTC] PHP Warning:  Trying to access array offset on null in C:\VSC Projects\Baeren-Crew\app\Helpers\API_Offer.php on line 47
[24-Mar-2026 14:07:07 UTC] PHP Warning:  Trying to access array offset on null in C:\VSC Projects\Baeren-Crew\app\Helpers\API_Offer.php on line 47
[24-Mar-2026 14:07:07 UTC] PHP Warning:  Trying to access array offset on null in C:\VSC Projects\Baeren-Crew\app\Helpers\API_Offer.php on line 47
[24-Mar-2026 14:07:07 UTC] PHP Warning:  Trying to access array offset on null in C:\VSC Projects\Baeren-Crew\app\Helpers\API_Offer.php on line 47
[24-Mar-2026 18:50:32 UTC] PHP Fatal error:  Uncaught TypeError: round(): Argument #1 ($num) must be of type int|float, string given in C:\VSC Projects\Baeren-Crew\app\Helpers\API_Offer.php:91
Stack trace:
#0 C:\VSC Projects\Baeren-Crew\app\Helpers\API_Offer.php(91): round()
#1 C:\VSC Projects\Baeren-Crew\app\Controllers\PageController.php(15): require_once('...')
#2 C:\VSC Projects\Baeren-Crew\routes\web.php(9): App\Controllers\PageController->home()
#3 C:\VSC Projects\Baeren-Crew\public\index.php(4): require_once('...')
#4 {main}
  thrown in C:\VSC Projects\Baeren-Crew\app\Helpers\API_Offer.php on line 91
[24-Mar-2026 18:50:50 UTC] PHP Fatal error:  Uncaught TypeError: round(): Argument #1 ($num) must be of type int|float, string given in C:\VSC Projects\Baeren-Crew\app\Helpers\API_Offer.php:91
Stack trace:
#0 C:\VSC Projects\Baeren-Crew\app\Helpers\API_Offer.php(91): round()
#1 C:\VSC Projects\Baeren-Crew\app\Controllers\PageController.php(15): require_once('...')
#2 C:\VSC Projects\Baeren-Crew\routes\web.php(9): App\Controllers\PageController->home()
#3 C:\VSC Projects\Baeren-Crew\public\index.php(4): require_once('...')
#4 {main}
  thrown in C:\VSC Projects\Baeren-Crew\app\Helpers\API_Offer.php on line 91
